// Jest Snapshot v1, https://goo.gl/fbAQLP

exports[`Modal testing Snapshot test 1`] = `Promise {}`;
