// Jest Snapshot v1, https://goo.gl/fbAQLP

exports[`Loading snapshot test 1`] = `null`;
