// Jest Snapshot v1, https://goo.gl/fbAQLP

exports[`CoinTextInfo snapshot test 1`] = `null`;
