// Jest Snapshot v1, https://goo.gl/fbAQLP

exports[`Profile context test 1`] = `null`;
