// Jest Snapshot v1, https://goo.gl/fbAQLP

exports[`HeaderTitle snapshot test 1`] = `[]`;
